			========================================================
				Converting Str Bin,Str Oct and str hex into int value
			========================================================

Case-1 :  Converting Str Bin into int type
---------------------------------------------------------------------------------------------
Syntax:		varname=int(strbinvalue, 2)
-------------
Examples
--------------
>>> a='0b1010'
>>> print(a,type(a))------------------0b1010 <class 'str'>
>>>
>>> b=int(a)---------------------------ValueError: invalid literal for int() with base 10: '0b1010'
>>>
>>> b=int(a,2)
>>> print(b,type(b))-----------------10 <class 'int'>
------------------------------------------------------------------------------------------------
Case-2 :  Converting Str oct into int type
-----------------------------------------------------------------------------------------------
Syntax:     varname=int(stroctvalue,8)
-------------
>>> a='0o14'
>>> print(a,type(a))------------0o14 <class 'str'>
>>>
>>> b=int(a,8)
>>> print(b,type(b))------------12 <class 'int'>
------------------------------------------------------------------------------------------------
Case-3 :  Converting Str Hexa Decimal Value into int type
-----------------------------------------------------------------------------------------------
>>> a='0x1c'
>>> print(a,type(a))-----------------0x1c <class 'str'>
>>>
>>> b=int(a,16)
>>> print(b,type(b))----------------28 <class 'int'>
------------------------------------------------------------------------------------------------